
> frontend@0.0.0 test
> ng test --watch=false

[33mΓ¥»[39m Building...
[32mΓ£ö[39m Building...
Application bundle generation failed. [1.598 seconds] - 2025-12-14T20:15:04.662Z

node.exe : [1m[33m[33mΓû▓ [43;33m[[43;30mWARNING[43;33m][0m [1mTypeScript compiler option 'isolatedModules' may prevent 
the 'emitDecoratorMetadata' option from emitting all metadata.[0m [1m[35m[plugin angular-compiler][0m
At line:1 char:1
+ & "C:\Program Files\nodejs/node.exe" "C:\Users\alexa\AppData\Roaming\ ...
+ ~~~~~~~~~~~~~~~~~~~~~~~~~~~~~~~~~~~~~~~~~~~~~~~~~~~~~~~~~~~~~~~~~~~~~
    + CategoryInfo          : NotSpecified: ([1m[33m[33mΓ...r-compiler][0m:String) [], RemoteException
    + FullyQualifiedErrorId : NativeCommandError
 

  The 'emitDecoratorMetadata' option is not required by Angularand can be removed if not explictly required by the project.

[39m[22m
[1m[31m[31mX [41;31m[[41;97mERROR[41;31m][0m [1mTS2445: Property 'currentUpdate' is protected and only accessible 
within class 'DashboardComponent' and its subclasses.[0m [1m[35m[plugin angular-compiler][0m

    src/app/features/dashboard/dashboard.component.spec.ts:68:21:
[37m      68 Γöé     expect(component.[32mcurrentUpdate[37m()).toBeNull();
         Γò╡                      [32m~~~~~~~~~~~~~[0m


[31mX [41;31m[[41;97mERROR[41;31m][0m [1mTS2445: Property 'updateHistory' is protected and only accessible within class 
'DashboardComponent' and its subclasses.[0m [1m[35m[plugin angular-compiler][0m

    src/app/features/dashboard/dashboard.component.spec.ts:72:21:
[37m      72 Γöé     expect(component.[32mupdateHistory[37m()).toEqual([]);
         Γò╡                      [32m~~~~~~~~~~~~~[0m


[31mX [41;31m[[41;97mERROR[41;31m][0m [1mTS2445: Property 'currentUpdate' is protected and only accessible within class 
'DashboardComponent' and its subclasses.[0m [1m[35m[plugin angular-compiler][0m

    src/app/features/dashboard/dashboard.component.spec.ts:81:23:
[37m      81 Γöé       expect(component.[32mcurrentUpdate[37m()).toEqual(mockUpdate);
         Γò╡                        [32m~~~~~~~~~~~~~[0m


[31mX [41;31m[[41;97mERROR[41;31m][0m [1mTS2445: Property 'updateHistory' is protected and only accessible within class 
'DashboardComponent' and its subclasses.[0m [1m[35m[plugin angular-compiler][0m

    src/app/features/dashboard/dashboard.component.spec.ts:92:32:
[37m      92 Γöé       const history = component.[32mupdateHistory[37m();
         Γò╡                                 [32m~~~~~~~~~~~~~[0m


[31mX [41;31m[[41;97mERROR[41;31m][0m [1mTS2445: Property 'updateHistory' is protected and only accessible within class 
'DashboardComponent' and its subclasses.[0m [1m[35m[plugin angular-compiler][0m

    src/app/features/dashboard/dashboard.component.spec.ts:110:34:
[37m      110 Γöé         const history = component.[32mupdateHistory[37m();
          Γò╡                                   [32m~~~~~~~~~~~~~[0m


[31mX [41;31m[[41;97mERROR[41;31m][0m [1mTS2445: Property 'updateHistory' is protected and only accessible within class 
'DashboardComponent' and its subclasses.[0m [1m[35m[plugin angular-compiler][0m

    src/app/features/dashboard/dashboard.component.spec.ts:127:23:
[37m      127 Γöé       expect(component.[32mupdateHistory[37m().length).toBeLessThanOrEqua...
          Γò╡                        [32m~~~~~~~~~~~~~[0m


[31mX [41;31m[[41;97mERROR[41;31m][0m [1mTS2445: Property 'currentUpdate' is protected and only accessible within class 
'DashboardComponent' and its subclasses.[0m [1m[35m[plugin angular-compiler][0m

    src/app/features/dashboard/dashboard.component.spec.ts:138:14:
[37m      138 Γöé     component.[32mcurrentUpdate[37m.set(mockUpdate);
          Γò╡               [32m~~~~~~~~~~~~~[0m


[31mX [41;31m[[41;97mERROR[41;31m][0m [1mTS2445: Property 'currentUpdate' is protected and only accessible within class 
'DashboardComponent' and its subclasses.[0m [1m[35m[plugin angular-compiler][0m

    src/app/features/dashboard/dashboard.component.spec.ts:147:14:
[37m      147 Γöé     component.[32mcurrentUpdate[37m.set(mockUpdate);
          Γò╡               [32m~~~~~~~~~~~~~[0m


[31mX [41;31m[[41;97mERROR[41;31m][0m [1mTS2445: Property 'currentUpdate' is protected and only accessible within class 
'DashboardComponent' and its subclasses.[0m [1m[35m[plugin angular-compiler][0m

    src/app/features/dashboard/dashboard.component.spec.ts:156:14:
[37m      156 Γöé     component.[32mcurrentUpdate[37m.set(mockUpdate);
          Γò╡               [32m~~~~~~~~~~~~~[0m


[31mX [41;31m[[41;97mERROR[41;31m][0m [1mTS2445: Property 'currentUpdate' is protected and only accessible within class 
'DashboardComponent' and its subclasses.[0m [1m[35m[plugin angular-compiler][0m

    src/app/features/dashboard/dashboard.component.spec.ts:165:14:
[37m      165 Γöé     component.[32mcurrentUpdate[37m.set(mockUpdate);
          Γò╡               [32m~~~~~~~~~~~~~[0m


[31mX [41;31m[[41;97mERROR[41;31m][0m [1mTS2445: Property 'currentUpdate' is protected and only accessible within class 
'DashboardComponent' and its subclasses.[0m [1m[35m[plugin angular-compiler][0m

    src/app/features/dashboard/dashboard.component.spec.ts:174:14:
[37m      174 Γöé     component.[32mcurrentUpdate[37m.set(mockUpdate);
          Γò╡               [32m~~~~~~~~~~~~~[0m


[31mX [41;31m[[41;97mERROR[41;31m][0m [1mTS2445: Property 'updateHistory' is protected and only accessible within class 
'DashboardComponent' and its subclasses.[0m [1m[35m[plugin angular-compiler][0m

    src/app/features/dashboard/dashboard.component.spec.ts:175:14:
[37m      175 Γöé     component.[32mupdateHistory[37m.set([mockUpdate]);
          Γò╡               [32m~~~~~~~~~~~~~[0m


[31mX [41;31m[[41;97mERROR[41;31m][0m [1mTS2445: Property 'updateHistory' is protected and only accessible within class 
'DashboardComponent' and its subclasses.[0m [1m[35m[plugin angular-compiler][0m

    src/app/features/dashboard/dashboard.component.spec.ts:197:37:
[37m      197 Γöé       const beforeLength = component.[32mupdateHistory[37m().length;
          Γò╡                                      [32m~~~~~~~~~~~~~[0m


[31mX [41;31m[[41;97mERROR[41;31m][0m [1mTS2445: Property 'updateHistory' is protected and only accessible within class 
'DashboardComponent' and its subclasses.[0m [1m[35m[plugin angular-compiler][0m

    src/app/features/dashboard/dashboard.component.spec.ts:201:25:
[37m      201 Γöé         expect(component.[32mupdateHistory[37m().length).toBe(beforeLength);
          Γò╡                          [32m~~~~~~~~~~~~~[0m


[31mX [41;31m[[41;97mERROR[41;31m][0m [1mTS2445: Property 'currentUpdate' is protected and only accessible within class 
'DashboardComponent' and its subclasses.[0m [1m[35m[plugin angular-compiler][0m

    src/app/features/dashboard/dashboard.component.spec.ts:208:14:
[37m      208 Γöé     component.[32mcurrentUpdate[37m.set(mockUpdate);
          Γò╡               [32m~~~~~~~~~~~~~[0m


[31mX [41;31m[[41;97mERROR[41;31m][0m [1mTS2445: Property 'currentUpdate' is protected and only accessible within class 
'DashboardComponent' and its subclasses.[0m [1m[35m[plugin angular-compiler][0m

    src/app/features/dashboard/dashboard.component.spec.ts:216:14:
[37m      216 Γöé     component.[32mcurrentUpdate[37m.set({ ...mockUpdate, cpuUsage: 75 });
          Γò╡               [32m~~~~~~~~~~~~~[0m

[39m[22m
